// Jest Snapshot v1, https://goo.gl/fbAQLP

exports[`<SearchBox /> renders correctly with default state 1`] = `
<div>
  <div
    className="dropdown"
    onKeyDown={[Function]}
  >
    <div
      className="search-wrapper active"
    >
      <div
        className="input-holder"
      >
        <input
          className="search-input"
          data-t1="searchBox"
          onChange={[Function]}
          onFocus={[Function]}
          placeholder="Wpisz czego szukasz..."
          type="text"
          value=""
        />
        <button
          className="search-icon"
          type="button"
        >
          <span />
        </button>
      </div>
    </div>
    <span
      aria-expanded={false}
      aria-haspopup={true}
      className=""
      onClick={[Function]}
    >
      <span
        className="sr-only"
      >
        Toggle Dropdown
      </span>
    </span>
    <div
      aria-hidden={true}
      className="dropdown-menu-hover-primary dropdown-menu"
      data-t1="searchBoxResult"
      role="menu"
      tabIndex="-1"
    />
  </div>
</div>
`;
