// Jest Snapshot v1, https://goo.gl/fbAQLP

exports[`<Legend /> renders correctly with all props 1`] = `
<div
  className="col-sm-12"
>
  <p>
    Test title
  </p>
  <div
    className="col-sm-12"
  >
    -
  </div>
</div>
`;

exports[`<Legend /> renders correctly with valid legend 1`] = `
<div
  className="col-sm-12"
>
  <p>
    Test title
  </p>
  <div
    className="col-sm-12"
  >
    -
  </div>
</div>
`;
