// Jest Snapshot v1, https://goo.gl/fbAQLP

exports[`ButtonList renders correctly 1`] = `
<TestAppContext
  language={false}
  rbs={false}
  redux={false}
  router={true}
>
  <HashRouter
    getUserConfirmation={[Function]}
  >
    <Router
      history={
        Object {
          "action": "POP",
          "block": [Function],
          "createHref": [Function],
          "go": [Function],
          "goBack": [Function],
          "goForward": [Function],
          "length": 1,
          "listen": [Function],
          "location": Object {
            "hash": "",
            "pathname": "/",
            "search": "",
            "state": undefined,
          },
          "push": [Function],
          "replace": [Function],
        }
      }
    >
      <ActionColumn
        buttons={
          Array [
            Object {
              "className": "mr-2",
              "color": "success",
              "disabled": false,
              "size": "lg",
              "type": "submit",
            },
            Object {
              "className": "mr-2",
              "color": "success",
              "disabled": false,
              "size": "lg",
              "text": "Save",
              "type": "button",
            },
            Object {
              "onClick": [MockFunction],
              "text": "Delete",
            },
            Object {
              "className": "random-classname",
              "color": "danger",
              "disabled": false,
              "href": "/",
              "runBefore": null,
              "size": "sm",
            },
          ]
        }
        data={
          Object {
            "id": 1,
          }
        }
        rowId="id"
      >
        <RbsButton
          className="mr-2"
          color="success"
          data-t1="rowAction-undefined"
          data-t2={1}
          disabled={false}
          href={null}
          onClick={[Function]}
          permission=""
          size="lg"
          title="Edytuj"
          type="submit"
        >
          <Button
            className="mr-2"
            color="success"
            data-t1="rowAction-undefined"
            data-t2={1}
            disabled={false}
            href={null}
            onClick={[Function]}
            size="lg"
            tag="button"
            title="Edytuj"
            type="submit"
          >
            <button
              aria-label={null}
              className="mr-2 btn btn-success btn-lg"
              data-t1="rowAction-undefined"
              data-t2={1}
              disabled={false}
              href={null}
              onClick={[Function]}
              title="Edytuj"
              type="submit"
            >
              Edytuj
            </button>
          </Button>
        </RbsButton>
        <RbsButton
          className="mr-2"
          color="success"
          data-t1="rowAction-undefined"
          data-t2={1}
          disabled={false}
          href={null}
          onClick={[Function]}
          permission=""
          size="lg"
          title="Edytuj"
          type="button"
        >
          <Button
            className="mr-2"
            color="success"
            data-t1="rowAction-undefined"
            data-t2={1}
            disabled={false}
            href={null}
            onClick={[Function]}
            size="lg"
            tag="button"
            title="Edytuj"
            type="button"
          >
            <button
              aria-label={null}
              className="mr-2 btn btn-success btn-lg"
              data-t1="rowAction-undefined"
              data-t2={1}
              disabled={false}
              href={null}
              onClick={[Function]}
              title="Edytuj"
              type="button"
            >
              Edytuj
            </button>
          </Button>
        </RbsButton>
        <RbsButton
          className=""
          color="link"
          data-t1="rowAction-undefined"
          data-t2={1}
          disabled={false}
          href={null}
          onClick={[MockFunction]}
          permission=""
          size={null}
          title="Edytuj"
          type="button"
        >
          <Button
            className=""
            color="link"
            data-t1="rowAction-undefined"
            data-t2={1}
            disabled={false}
            href={null}
            onClick={[MockFunction]}
            size={null}
            tag="button"
            title="Edytuj"
            type="button"
          >
            <button
              aria-label={null}
              className="btn btn-link"
              data-t1="rowAction-undefined"
              data-t2={1}
              disabled={false}
              href={null}
              onClick={[Function]}
              title="Edytuj"
              type="button"
            >
              Edytuj
            </button>
          </Button>
        </RbsButton>
        <RbsButton
          className="random-classname"
          color="danger"
          data-t1="rowAction-undefined"
          data-t2={1}
          disabled={false}
          href="#/"
          onClick={[Function]}
          permission=""
          size="sm"
          title="Edytuj"
          type="button"
        >
          <Button
            className="random-classname"
            color="danger"
            data-t1="rowAction-undefined"
            data-t2={1}
            disabled={false}
            href="#/"
            onClick={[Function]}
            size="sm"
            tag="button"
            title="Edytuj"
            type="button"
          >
            <a
              aria-label={null}
              className="random-classname btn btn-danger btn-sm"
              data-t1="rowAction-undefined"
              data-t2={1}
              disabled={false}
              href="#/"
              onClick={[Function]}
              title="Edytuj"
              type="button"
            >
              Edytuj
            </a>
          </Button>
        </RbsButton>
      </ActionColumn>
    </Router>
  </HashRouter>
</TestAppContext>
`;
