// Jest Snapshot v1, https://goo.gl/fbAQLP

exports[`BusinessIdColumn renders correctly 1`] = `
<BusinessIdColumn
  column={
    Object {
      "id": "id",
    }
  }
  row={
    Object {
      "_original": Object {
        "id": "1bda1322-f836-4e73-93c3-d41c92d8a7e2",
      },
    }
  }
>
  <div
    className="text-center business-id-column"
    onMouseEnter={[Function]}
    onMouseLeave={[Function]}
    title="1bda1322-f836-4e73-93c3-d41c92d8a7e2"
  >
    <span
      className="business-id-start"
    >
      1bda1322-f836-4e73-93c3-d41c92
    </span>
    <span
      className="business-id-end"
    >
      d8a7e2
    </span>
  </div>
</BusinessIdColumn>
`;
