// Jest Snapshot v1, https://goo.gl/fbAQLP

exports[`<DataTableControlled /> renders correctly with props 1`] = `
<div
  className="ReactTable"
>
  <div
    className="pagination"
  >
    <div
      className="pagination-bottom w-100"
    >
      <div
        className="-pagination"
      >
        <div
          className="-previous"
        >
          <button
            className="-btn"
            data-t1="gridPreviousPage"
            disabled={true}
            onClick={[Function]}
            type="button"
          >
            Poprzednia
          </button>
        </div>
        <div
          className="-center"
        >
          <span
            className="-pageInfo"
          >
            Strona
            <div
              className="-pageJump"
            >
              <input
                aria-label="jump to page"
                data-t1="gridPage"
                onChange={[Function]}
                type="text"
                value={1}
              />
            </div>
            z
            <span
              className="-totalPages"
            >
              1
            </span>
          </span>
          <span
            className="select-wrap -pageSizeOptions"
          >
            <select
              aria-label="rows per page"
              data-t1="gridPageSize"
              onChange={[Function]}
              value={10}
            >
              <option
                value={10}
              >
                10
                 
                wpisów
              </option>
              <option
                value={20}
              >
                20
                 
                wpisów
              </option>
            </select>
          </span>
        </div>
        <div
          className="-next"
        >
          <button
            className="-btn"
            data-t1="gridNextPage"
            disabled={true}
            onClick={[Function]}
            type="button"
          >
            Następna
          </button>
        </div>
      </div>
    </div>
  </div>
</div>
`;
