// Jest Snapshot v1, https://goo.gl/fbAQLP

exports[`<Languages /> renders correctly 1`] = `
<div
  className="loader-container"
>
  <div
    className="loader-container-inner"
  >
    <div
      className="text-center"
    >
      <div
        className="loader loader-undefined loader-active"
      >
        <div
          className="loader-inner line-scale-party"
        >
          <div
            style={Object {}}
          />
          <div
            style={Object {}}
          />
          <div
            style={Object {}}
          />
          <div
            style={Object {}}
          />
        </div>
      </div>
    </div>
  </div>
</div>
`;
