// Jest Snapshot v1, https://goo.gl/fbAQLP

exports[`<SidebarMenu /> renders correctly with default state 1`] = `
<div
  className="main-menu metismenu vertical-nav-menu"
>
  <ul
    className="metismenu-container"
    data-t1="sidebarMenu"
  >
    <li
      className="metismenu-item"
    >
      <a
        className="metismenu-link"
        data-t1="product-catalog"
        href="/product-catalog/products"
        onClick={[Function]}
      >
        <i
          className="metismenu-icon pe-7s-diamond"
        />
        Katalog produktów
      </a>
    </li>
    <li
      className="metismenu-item"
    >
      <a
        className="metismenu-link"
        data-t1="provider"
        href="/suppliers"
        onClick={[Function]}
      >
        <i
          className="metismenu-icon pe-7s-shuffle"
        />
        Lista dostawców
      </a>
    </li>
    <li
      className="metismenu-item"
    >
      <a
        className="metismenu-link"
        data-t1="company"
        href="#"
        onClick={[Function]}
      >
        <i
          className="metismenu-icon pe-7s-id"
        />
        Firma
        <i
          className="metismenu-state-icon pe-7s-angle-down caret-left"
        />
      </a>
      <ul
        className="metismenu-container"
      >
        <li
          className="metismenu-item"
        >
          <a
            className="metismenu-link"
            data-t1="company_list"
            href="/company/list"
          >
            <i
              className="metismenu-icon"
            />
            Lista firm
          </a>
        </li>
        <li
          className="metismenu-item"
        >
          <a
            className="metismenu-link"
            data-t1="employee_list"
            href="/company/employee-list"
          >
            <i
              className="metismenu-icon"
            />
            Pracownicy
          </a>
        </li>
      </ul>
    </li>
    <li
      className="metismenu-item"
    >
      <a
        className="metismenu-link"
        data-t1="administration"
        href="#"
        onClick={[Function]}
      >
        <i
          className="metismenu-icon pe-7s-tools"
        />
        Administracja
        <i
          className="metismenu-state-icon pe-7s-angle-down caret-left"
        />
      </a>
      <ul
        className="metismenu-container"
      >
        <li
          className="metismenu-item"
        >
          <a
            className="metismenu-link"
            data-t1="configuration"
            href="/administration/configuration/default/default"
          >
            <i
              className="metismenu-icon"
            />
            Parametry konfiguracyjne
          </a>
        </li>
        <li
          className="metismenu-item"
        >
          <a
            className="metismenu-link"
            data-t1="dictionary"
            href="/administration/dictionary"
          >
            <i
              className="metismenu-icon"
            />
            Słowniki
          </a>
        </li>
        <li
          className="metismenu-item"
        >
          <a
            className="metismenu-link"
            data-t1="ip-security"
            href="/administration/ip-security"
          >
            <i
              className="metismenu-icon"
            />
            Konfiguracja adresów IP
          </a>
        </li>
      </ul>
    </li>
    <li
      className="metismenu-item"
    >
      <a
        className="metismenu-link"
        data-t1="user_operator_list"
        href="/user/operator/list"
        onClick={[Function]}
      >
        <i
          className="metismenu-icon pe-7s-users"
        />
        Operatorzy MB
      </a>
    </li>
    <li
      className="metismenu-item"
    >
      <a
        className="metismenu-link"
        data-t1="cms"
        href="/cms/management"
        onClick={[Function]}
      >
        <i
          className="metismenu-icon pe-7s-box2"
        />
        CMS
      </a>
    </li>
    <li
      className="metismenu-item"
    >
      <a
        className="metismenu-link"
        data-t1="report"
        href="#"
        onClick={[Function]}
      >
        <i
          className="metismenu-icon pe-7s-graph2"
        />
        Raporty
        <i
          className="metismenu-state-icon pe-7s-angle-down caret-left"
        />
      </a>
      <ul
        className="metismenu-container"
      >
        <li
          className="metismenu-item"
        >
          <a
            className="metismenu-link"
            data-t1="chosen_subscription_benefits"
            href="/report/chosen_subscription_benefits"
          >
            <i
              className="metismenu-icon"
            />
            Wybrane benefity
          </a>
        </li>
      </ul>
    </li>
    <li
      className="metismenu-item"
    >
      <a
        className="metismenu-link"
        data-t1="translate"
        href="#"
        onClick={[Function]}
      >
        <i
          className="metismenu-icon pe-7s-notebook"
        />
        Tłumaczenia
        <i
          className="metismenu-state-icon pe-7s-angle-down caret-left"
        />
      </a>
      <ul
        className="metismenu-container"
      >
        <li
          className="metismenu-item"
        >
          <a
            className="metismenu-link"
            data-t1="translate_interface"
            href="/translate/interface"
          >
            <i
              className="metismenu-icon"
            />
            Tłumaczenia interfejsu
          </a>
        </li>
        <li
          className="metismenu-item"
        >
          <a
            className="metismenu-link"
            data-t1="translate_simple"
            href="/translate/simple"
          >
            <i
              className="metismenu-icon"
            />
            Tłumaczenia wartości prostych
          </a>
        </li>
        <li
          className="metismenu-item"
        >
          <a
            className="metismenu-link"
            data-t1="translate_description"
            href="/translate/description"
          >
            <i
              className="metismenu-icon"
            />
            Tłumaczenia opisów
          </a>
        </li>
        <li
          className="metismenu-item"
        >
          <a
            className="metismenu-link"
            data-t1="translate_scopes"
            href="/translate/scopes"
          >
            <i
              className="metismenu-icon"
            />
            Zakresy
          </a>
        </li>
      </ul>
    </li>
    <li
      className="metismenu-item"
    >
      <a
        className="metismenu-link"
        data-t1="standards"
        href="#"
        onClick={[Function]}
      >
        <i
          className="metismenu-icon pe-7s-display2"
        />
        Standardy
        <i
          className="metismenu-state-icon pe-7s-angle-down caret-left"
        />
      </a>
      <ul
        className="metismenu-container"
      >
        <li
          className="metismenu-item"
        >
          <a
            className="metismenu-link"
            data-t1="grid_filtrerable_js"
            href="/standards/grid/filtrable-js"
          >
            <i
              className="metismenu-icon"
            />
            Grid filtrowalny js
          </a>
        </li>
        <li
          className="metismenu-item"
        >
          <a
            className="metismenu-link"
            data-t1="grid_filtrerable_backend"
            href="/standards/grid/filtrable-backend"
          >
            <i
              className="metismenu-icon"
            />
            Grid filtrowalny backend
          </a>
        </li>
        <li
          className="metismenu-item"
        >
          <a
            className="metismenu-link"
            data-t1="forms"
            href="/standards/forms"
          >
            <i
              className="metismenu-icon"
            />
            Formularze
          </a>
        </li>
        <li
          className="metismenu-item"
        >
          <a
            className="metismenu-link"
            data-t1="tabs_simple"
            href="/standards/tabs/simple"
          >
            <i
              className="metismenu-icon"
            />
            Zakładki (proste)
          </a>
        </li>
        <li
          className="metismenu-item"
        >
          <a
            className="metismenu-link"
            data-t1="tabs_with_memo"
            href="/standards/tabs/with-memo"
          >
            <i
              className="metismenu-icon"
            />
            Zakładki (z zapamiętywaniem)
          </a>
        </li>
        <li
          className="metismenu-item"
        >
          <a
            className="metismenu-link"
            data-t1="tabs_sidebar"
            href="/standards/tabs/sidebar"
          >
            <i
              className="metismenu-icon"
            />
            Zakładki boczne
          </a>
        </li>
      </ul>
    </li>
  </ul>
</div>
`;
