// Jest Snapshot v1, https://goo.gl/fbAQLP

exports[`<FormGroup /> renders correctly with props 1`] = `
<div
  className="main-card mb-3 card"
>
  <div
    className="card-header"
  >
    Test title
  </div>
  <div
    className="pt-4 card-body"
  >
    <div
      className="form-group"
    >
      <div
        className="input-group"
      >
        <input
          aria-invalid={false}
          autoComplete="chrome-off"
          className="form-control"
          data-t1={null}
          id={null}
          name={null}
          onBlur={[Function]}
          onChange={[Function]}
          placeholder={null}
          type="text"
          value=""
        />
      </div>
    </div>
  </div>
</div>
`;

exports[`<FormGroup /> renders correctly with valid form elements 1`] = `
<div
  className="main-card mb-3 card"
>
  <div
    className="card-header"
  >
    Test title
  </div>
  <div
    className="pt-4 card-body"
  >
    <div
      className="form-group"
    >
      <label
        className=""
        data-t1="fullNameLabel"
        htmlFor="fullName"
      >
        Pełna nazwa firmy
         
        <span
          className="text-danger"
        >
          *
        </span>
         
        
      </label>
      <div
        className="input-group"
      >
        <input
          aria-invalid={false}
          autoComplete="chrome-off"
          className="form-control"
          data-t1="fullName"
          id="fullName"
          name="fullName"
          onBlur={[Function]}
          onChange={[Function]}
          placeholder={null}
          type="text"
          value=""
        />
      </div>
    </div>
    <div
      className="form-group"
    >
      <label
        className=""
        data-t1="shortNameLabel"
        htmlFor="shortName"
      >
        Nazwa skrócona
         
        <span
          className="text-danger"
        >
          *
        </span>
         
        
      </label>
      <div
        className="input-group"
      >
        <input
          aria-invalid={false}
          autoComplete="chrome-off"
          className="form-control"
          data-t1="shortName"
          id="shortName"
          name="shortName"
          onBlur={[Function]}
          onChange={[Function]}
          placeholder={null}
          type="text"
          value=""
        />
      </div>
    </div>
    <div
      className="form-group"
    >
      <label
        className=""
        data-t1="streetLabel"
        htmlFor="street"
      >
        Ulica
         
        
      </label>
      <div
        className="input-group"
      >
        <input
          aria-invalid={false}
          autoComplete="chrome-off"
          className="form-control"
          data-t1="street"
          id="street"
          name="street"
          onBlur={[Function]}
          onChange={[Function]}
          placeholder={null}
          type="text"
          value=""
        />
      </div>
    </div>
    <div
      className="form-group"
    >
      <label
        className=""
        data-t1="postcodeLabel"
        htmlFor="postcode"
      >
        Kod pocztowy
         
        
      </label>
      <div
        className="input-group"
      >
        <input
          aria-invalid={false}
          autoComplete="chrome-off"
          className="form-control"
          data-t1="postcode"
          id="postcode"
          name="postcode"
          onBlur={[Function]}
          onChange={[Function]}
          placeholder={null}
          type="text"
          value=""
        />
      </div>
    </div>
    <div
      className="form-group"
    >
      <label
        className=""
        data-t1="cityLabel"
        htmlFor="city"
      >
        Miasto
         
        
      </label>
      <div
        className="input-group"
      >
        <input
          aria-invalid={false}
          autoComplete="chrome-off"
          className="form-control"
          data-t1="city"
          id="city"
          name="city"
          onBlur={[Function]}
          onChange={[Function]}
          placeholder={null}
          type="text"
          value=""
        />
      </div>
    </div>
    <div
      className="form-group"
    >
      <label
        className=""
        data-t1="nipLabel"
        htmlFor="nip"
      >
        NIP
         
        
      </label>
      <div
        className="input-group"
      >
        <input
          aria-invalid={false}
          autoComplete="chrome-off"
          className="form-control"
          data-t1="nip"
          id="nip"
          name="nip"
          onBlur={[Function]}
          onChange={[Function]}
          placeholder={null}
          type="text"
          value=""
        />
      </div>
    </div>
    <div
      className="form-group"
    >
      <label
        className=""
        data-t1="phoneLabel"
        htmlFor="phone"
      >
        Telefon
         
        
      </label>
      <div
        className="input-group"
      >
        <input
          aria-invalid={false}
          autoComplete="chrome-off"
          className="form-control"
          data-t1="phone"
          id="phone"
          name="phone"
          onBlur={[Function]}
          onChange={[Function]}
          placeholder={null}
          type="text"
          value=""
        />
      </div>
    </div>
    <div
      className="form-group"
    >
      <label
        className=""
        data-t1="faxLabel"
        htmlFor="fax"
      >
        Fax
         
        
      </label>
      <div
        className="input-group"
      >
        <input
          aria-invalid={false}
          autoComplete="chrome-off"
          className="form-control"
          data-t1="fax"
          id="fax"
          name="fax"
          onBlur={[Function]}
          onChange={[Function]}
          placeholder={null}
          type="text"
          value=""
        />
      </div>
    </div>
    <div
      className="form-group"
    >
      <label
        className=""
        data-t1="industryLabel"
        htmlFor="industry"
      >
        Branża
      </label>
      <div
        className="input-group"
      >
        <select
          className="form-control"
          data-t1="industry"
          id="industry"
          name="industry"
          onChange={[Function]}
        >
          <option
            value=""
          >
            ---Nie wybrano ---
          </option>
          <option
            value="industry1"
          >
            Branża 1
          </option>
          <option
            value="industry2"
          >
            Branża 2
          </option>
          <option
            value="industry3"
          >
            Branża 3
          </option>
        </select>
      </div>
    </div>
    <div
      className="input-group-omb form-group"
    >
      <label
        className=""
        data-t1="companyTypeLabel"
        htmlFor="companyType"
      >
        Rodzaj firmy
         
      </label>
      <div
        data-t1="companyType"
      >
        <div
          className="custom-radio custom-control"
          hidden={false}
        >
          <input
            aria-invalid={false}
            checked={false}
            className="custom-control-input"
            data-t1="employer1"
            id="employer1"
            name="companyType"
            onChange={[Function]}
            type="radio"
            value="employer1"
          />
          <label
            className="custom-control-label"
            htmlFor="employer1"
          >
            Klient-pracodawca
          </label>
        </div>
      </div>
    </div>
    <div
      className="form-group"
    >
      <label
        className=""
        data-t1="additionalInfoLabel"
        htmlFor="additionalInfo"
      >
        Informacje dodatkowe
         
        
      </label>
      <div
        className="input-group"
      >
        <textarea
          aria-invalid={false}
          autoComplete="chrome-off"
          className="form-control"
          data-t1="additionalInfo"
          id="additionalInfo"
          name="additionalInfo"
          onBlur={[Function]}
          onChange={[Function]}
          placeholder={null}
          value=""
        />
      </div>
    </div>
    <div
      className="form-group"
    >
      <label
        className=""
        data-t1="companyFeatureTypesLabel"
        htmlFor="companyFeatureTypes"
      >
        Funkcjonalności
         
      </label>
      <div
        data-t1="companyFeatureTypes"
      >
        <div
          className="custom-checkbox custom-control"
          hidden={false}
        >
          <input
            aria-invalid={false}
            checked={false}
            className="custom-control-input"
            data-t1="companyFeatureTypes"
            disabled={false}
            id="companyFeatureTypes_option1"
            name="companyFeatureTypes_option1"
            onChange={[Function]}
            type="checkbox"
            value="option1"
          />
          <label
            className="custom-control-label"
            htmlFor="companyFeatureTypes_option1"
          >
            Funkcjonalnośc 1
          </label>
        </div>
        <div
          className="custom-checkbox custom-control"
          hidden={false}
        >
          <input
            aria-invalid={false}
            checked={false}
            className="custom-control-input"
            data-t1="companyFeatureTypes"
            disabled={false}
            id="companyFeatureTypes_option2"
            name="companyFeatureTypes_option2"
            onChange={[Function]}
            type="checkbox"
            value="option2"
          />
          <label
            className="custom-control-label"
            htmlFor="companyFeatureTypes_option2"
          >
            Funkcjonalnośc 2
          </label>
        </div>
        <div
          className="custom-checkbox custom-control"
          hidden={false}
        >
          <input
            aria-invalid={false}
            checked={false}
            className="custom-control-input"
            data-t1="companyFeatureTypes"
            disabled={false}
            id="companyFeatureTypes_option3"
            name="companyFeatureTypes_option3"
            onChange={[Function]}
            type="checkbox"
            value="option3"
          />
          <label
            className="custom-control-label"
            htmlFor="companyFeatureTypes_option3"
          >
            Funkcjonalnośc 3
          </label>
        </div>
        <div
          className="custom-checkbox custom-control"
          hidden={false}
        >
          <input
            aria-invalid={false}
            checked={false}
            className="custom-control-input"
            data-t1="companyFeatureTypes"
            disabled={false}
            id="companyFeatureTypes_option4"
            name="companyFeatureTypes_option4"
            onChange={[Function]}
            type="checkbox"
            value="option4"
          />
          <label
            className="custom-control-label"
            htmlFor="companyFeatureTypes_option4"
          >
            Funkcjonalnośc 4
          </label>
        </div>
        <div
          className="custom-checkbox custom-control"
          hidden={false}
        >
          <input
            aria-invalid={false}
            checked={false}
            className="custom-control-input"
            data-t1="companyFeatureTypes"
            disabled={false}
            id="companyFeatureTypes_option5"
            name="companyFeatureTypes_option5"
            onChange={[Function]}
            type="checkbox"
            value="option5"
          />
          <label
            className="custom-control-label"
            htmlFor="companyFeatureTypes_option5"
          >
            Funkcjonalnośc 5
          </label>
        </div>
        <div
          className="custom-checkbox custom-control"
          hidden={false}
        >
          <input
            aria-invalid={false}
            checked={false}
            className="custom-control-input"
            data-t1="companyFeatureTypes"
            disabled={false}
            id="companyFeatureTypes_option6"
            name="companyFeatureTypes_option6"
            onChange={[Function]}
            type="checkbox"
            value="option6"
          />
          <label
            className="custom-control-label"
            htmlFor="companyFeatureTypes_option6"
          >
            Funkcjonalnośc 6
          </label>
        </div>
        <div
          className="custom-checkbox custom-control"
          hidden={false}
        >
          <input
            aria-invalid={false}
            checked={false}
            className="custom-control-input"
            data-t1="companyFeatureTypes"
            disabled={false}
            id="companyFeatureTypes_option7"
            name="companyFeatureTypes_option7"
            onChange={[Function]}
            type="checkbox"
            value="option7"
          />
          <label
            className="custom-control-label"
            htmlFor="companyFeatureTypes_option7"
          >
            Funkcjonalnośc 7
          </label>
        </div>
        <div
          className="custom-checkbox custom-control"
          hidden={false}
        >
          <input
            aria-invalid={false}
            checked={false}
            className="custom-control-input"
            data-t1="companyFeatureTypes"
            disabled={false}
            id="companyFeatureTypes_option8"
            name="companyFeatureTypes_option8"
            onChange={[Function]}
            type="checkbox"
            value="option8"
          />
          <label
            className="custom-control-label"
            htmlFor="companyFeatureTypes_option8"
          >
            Funkcjonalnośc 8
          </label>
        </div>
        <div
          className="custom-checkbox custom-control"
          hidden={false}
        >
          <input
            aria-invalid={false}
            checked={false}
            className="custom-control-input"
            data-t1="companyFeatureTypes"
            disabled={false}
            id="companyFeatureTypes_option9"
            name="companyFeatureTypes_option9"
            onChange={[Function]}
            type="checkbox"
            value="option9"
          />
          <label
            className="custom-control-label"
            htmlFor="companyFeatureTypes_option9"
          >
            Funkcjonalnośc 9
          </label>
        </div>
        <div
          className="custom-checkbox custom-control"
          hidden={false}
        >
          <input
            aria-invalid={false}
            checked={false}
            className="custom-control-input"
            data-t1="companyFeatureTypes"
            disabled={false}
            id="companyFeatureTypes_option10"
            name="companyFeatureTypes_option10"
            onChange={[Function]}
            type="checkbox"
            value="option10"
          />
          <label
            className="custom-control-label"
            htmlFor="companyFeatureTypes_option10"
          >
            Funkcjonalnośc 10
          </label>
        </div>
        <div
          className="custom-checkbox custom-control"
          hidden={false}
        >
          <input
            aria-invalid={false}
            checked={false}
            className="custom-control-input"
            data-t1="companyFeatureTypes"
            disabled={false}
            id="companyFeatureTypes_option11"
            name="companyFeatureTypes_option11"
            onChange={[Function]}
            type="checkbox"
            value="option11"
          />
          <label
            className="custom-control-label"
            htmlFor="companyFeatureTypes_option11"
          >
            Funkcjonalnośc 11
          </label>
        </div>
        <div
          className="custom-checkbox custom-control"
          hidden={false}
        >
          <input
            aria-invalid={false}
            checked={false}
            className="custom-control-input"
            data-t1="companyFeatureTypes"
            disabled={false}
            id="companyFeatureTypes_option12"
            name="companyFeatureTypes_option12"
            onChange={[Function]}
            type="checkbox"
            value="option12"
          />
          <label
            className="custom-control-label"
            htmlFor="companyFeatureTypes_option12"
          >
            Funkcjonalnośc 12
          </label>
        </div>
      </div>
    </div>
    <div
      className="form-group"
    >
      <label
        className=""
        data-t1="activationDelayDaysLabel"
        htmlFor="activationDelayDays"
      >
        Wstrzymanie aktywacji przez (w dniach)
         
        
      </label>
      <div
        className="input-group"
      >
        <input
          aria-invalid={false}
          autoComplete="chrome-off"
          className="form-control"
          data-t1="activationDelayDays"
          id="activationDelayDays"
          name="activationDelayDays"
          onBlur={[Function]}
          onChange={[Function]}
          placeholder={null}
          type="number"
          value=""
        />
      </div>
    </div>
    <div
      className="row"
    >
      <div
        className="col"
      >
        <div
          className="form-group"
        >
          <label
            className=""
            data-t1="layoutInput1Label"
            htmlFor="layoutInput1"
          >
            Layout input 1
             
            
          </label>
          <div
            className="input-group"
          >
            <input
              aria-invalid={false}
              autoComplete="chrome-off"
              className="form-control"
              data-t1="layoutInput1"
              id="layoutInput1"
              name="layoutInput1"
              onBlur={[Function]}
              onChange={[Function]}
              placeholder={null}
              type="text"
              value=""
            />
          </div>
        </div>
      </div>
      <div
        className="col"
      >
        <div
          className="form-group"
        >
          <label
            className=""
            data-t1="layoutInput2Label"
            htmlFor="layoutInput2"
          >
            Layout input 2
             
            
          </label>
          <div
            className="input-group"
          >
            <input
              aria-invalid={false}
              autoComplete="chrome-off"
              className="form-control"
              data-t1="layoutInput2"
              id="layoutInput2"
              name="layoutInput2"
              onBlur={[Function]}
              onChange={[Function]}
              placeholder={null}
              type="text"
              value=""
            />
          </div>
        </div>
      </div>
    </div>
    <div
      className="row"
    >
      <div
        className="col"
      >
        <div
          className="form-group"
        >
          <label
            className=""
            data-t1="layoutInput3Label"
            htmlFor="layoutInput3"
          >
            Layout input 3
             
            
          </label>
          <div
            className="input-group"
          >
            <input
              aria-invalid={false}
              autoComplete="chrome-off"
              className="form-control"
              data-t1="layoutInput3"
              id="layoutInput3"
              name="layoutInput3"
              onBlur={[Function]}
              onChange={[Function]}
              placeholder={null}
              type="text"
              value=""
            />
          </div>
        </div>
      </div>
      <div
        className="col"
      >
        <div
          className="form-group"
        >
          <label
            className=""
            data-t1="layoutInput4Label"
            htmlFor="layoutInput4"
          >
            Layout input 4
             
            
          </label>
          <div
            className="input-group"
          >
            <input
              aria-invalid={false}
              autoComplete="chrome-off"
              className="form-control"
              data-t1="layoutInput4"
              id="layoutInput4"
              name="layoutInput4"
              onBlur={[Function]}
              onChange={[Function]}
              placeholder={null}
              type="text"
              value=""
            />
          </div>
        </div>
      </div>
    </div>
    <div
      className="form-group"
    >
      <label
        className=""
        data-t1="senderEmailLabel"
        htmlFor="senderEmail"
      >
        Nadawca e-maili
         
        
      </label>
      <div
        className="input-group"
      >
        <input
          aria-invalid={false}
          autoComplete="chrome-off"
          className="form-control"
          data-t1="senderEmail"
          id="senderEmail"
          name="senderEmail"
          onBlur={[Function]}
          onChange={[Function]}
          placeholder={null}
          type="text"
          value=""
        />
      </div>
    </div>
  </div>
</div>
`;
