// Jest Snapshot v1, https://goo.gl/fbAQLP

exports[`<Popup /> Should render correct in default state 1`] = `
<Popup
  id="testPopup"
  isOpen={true}
  toggle={[Function]}
  unmountOnClose={true}
>
  <Modal
    autoFocus={true}
    backdrop={true}
    backdropTransition={
      Object {
        "mountOnEnter": true,
        "timeout": 150,
      }
    }
    centered={false}
    container="body"
    fade={true}
    isOpen={true}
    keyboard={true}
    modalTransition={
      Object {
        "timeout": 300,
      }
    }
    onClosed={[Function]}
    onOpened={[Function]}
    returnFocusAfterClose={true}
    role="dialog"
    scrollable={false}
    toggle={[Function]}
    unmountOnClose={true}
    zIndex={1050}
  >
    <Portal
      node={
        <div
          style="position: relative; z-index: 1050; display: block;"
          tabindex="-1"
        >
          <div
            class=""
          >
            <div
              class="modal fade"
              role="dialog"
              style="display: block;"
              tabindex="-1"
            >
              <div
                class="modal-dialog"
                role="document"
              >
                <div
                  class="modal-content"
                >
                  <div
                    data-t1="testPopup"
                  />
                </div>
              </div>
            </div>
            <div
              class="modal-backdrop fade"
            />
          </div>
        </div>
      }
    >
      <Portal
        containerInfo={
          <div
            style="position: relative; z-index: 1050; display: block;"
            tabindex="-1"
          >
            <div
              class=""
            >
              <div
                class="modal fade"
                role="dialog"
                style="display: block;"
                tabindex="-1"
              >
                <div
                  class="modal-dialog"
                  role="document"
                >
                  <div
                    class="modal-content"
                  >
                    <div
                      data-t1="testPopup"
                    />
                  </div>
                </div>
              </div>
              <div
                class="modal-backdrop fade"
              />
            </div>
          </div>
        }
      >
        <div
          className=""
        >
          <Fade
            appear={true}
            baseClass="fade"
            baseClassActive="show"
            className="modal"
            enter={true}
            exit={true}
            in={true}
            mountOnEnter={false}
            onClick={[Function]}
            onEnter={[Function]}
            onEntered={[Function]}
            onEntering={[Function]}
            onExit={[Function]}
            onExited={[Function]}
            onExiting={[Function]}
            onKeyDown={[Function]}
            onKeyUp={[Function]}
            onMouseDown={[Function]}
            role="dialog"
            style={
              Object {
                "display": "block",
              }
            }
            tabIndex="-1"
            tag="div"
            timeout={300}
            unmountOnExit={false}
          >
            <Transition
              appear={true}
              enter={true}
              exit={true}
              in={true}
              mountOnEnter={false}
              onEnter={[Function]}
              onEntered={[Function]}
              onEntering={[Function]}
              onExit={[Function]}
              onExited={[Function]}
              onExiting={[Function]}
              timeout={300}
              unmountOnExit={false}
            >
              <div
                className="modal fade"
                onClick={[Function]}
                onKeyDown={[Function]}
                onKeyUp={[Function]}
                onMouseDown={[Function]}
                role="dialog"
                style={
                  Object {
                    "display": "block",
                  }
                }
                tabIndex="-1"
              >
                <div
                  className="modal-dialog"
                  role="document"
                >
                  <div
                    className="modal-content"
                  >
                    <div
                      data-t1="testPopup"
                    />
                  </div>
                </div>
              </div>
            </Transition>
          </Fade>
          <Fade
            appear={true}
            baseClass="fade"
            baseClassActive="show"
            className="modal-backdrop"
            enter={true}
            exit={true}
            in={true}
            mountOnEnter={true}
            onEnter={[Function]}
            onEntered={[Function]}
            onEntering={[Function]}
            onExit={[Function]}
            onExited={[Function]}
            onExiting={[Function]}
            tag="div"
            timeout={150}
            unmountOnExit={false}
          >
            <Transition
              appear={true}
              enter={true}
              exit={true}
              in={true}
              mountOnEnter={true}
              onEnter={[Function]}
              onEntered={[Function]}
              onEntering={[Function]}
              onExit={[Function]}
              onExited={[Function]}
              onExiting={[Function]}
              timeout={150}
              unmountOnExit={false}
            >
              <div
                className="modal-backdrop fade"
              />
            </Transition>
          </Fade>
        </div>
      </Portal>
    </Portal>
  </Modal>
</Popup>
`;
