// Jest Snapshot v1, https://goo.gl/fbAQLP

exports[`<UserConfirmationPopup /> renders correctly with default state 1`] = `
<UserConfirmationPopup
  cancelLabel="Nie"
  confirmLabel="Tak"
  isOpen={true}
  message="Czy na pewno chcesz wykonać tę operację?"
  onCancel={[Function]}
  onConfirm={[Function]}
  title="Czy jesteś pewien?"
>
  <Popup
    id="confirmation"
    isOpen={true}
    toggle={[Function]}
    unmountOnClose={true}
  >
    <Modal
      autoFocus={true}
      backdrop={true}
      backdropTransition={
        Object {
          "mountOnEnter": true,
          "timeout": 150,
        }
      }
      centered={false}
      container="body"
      fade={true}
      isOpen={true}
      keyboard={true}
      modalTransition={
        Object {
          "timeout": 300,
        }
      }
      onClosed={[Function]}
      onOpened={[Function]}
      returnFocusAfterClose={true}
      role="dialog"
      scrollable={false}
      toggle={[Function]}
      unmountOnClose={true}
      zIndex={1050}
    >
      <Portal
        node={
          <div
            style="position: relative; z-index: 1050; display: block;"
            tabindex="-1"
          >
            <div
              class=""
            >
              <div
                class="modal fade"
                role="dialog"
                style="display: block;"
                tabindex="-1"
              >
                <div
                  class="modal-dialog"
                  role="document"
                >
                  <div
                    class="modal-content"
                  >
                    <div
                      data-t1="confirmation"
                    >
                      <div
                        class="modal-header"
                      >
                        <h5
                          class="modal-title"
                        >
                          Czy jesteś pewien?
                        </h5>
                        <button
                          aria-label="Close"
                          class="close"
                          type="button"
                        >
                          <span
                            aria-hidden="true"
                          >
                            ×
                          </span>
                        </button>
                      </div>
                      <div
                        class="modal-body"
                      >
                        Czy na pewno chcesz wykonać tę operację?
                      </div>
                      <div
                        class="modal-footer"
                      >
                        <button
                          class="btn btn-light"
                          data-t1="cancel"
                          type="button"
                        >
                          Nie
                        </button>
                        <button
                          class="btn btn-primary"
                          data-t1="confirm"
                          type="button"
                        >
                          Tak
                        </button>
                      </div>
                    </div>
                  </div>
                </div>
              </div>
              <div
                class="modal-backdrop fade"
              />
            </div>
          </div>
        }
      >
        <Portal
          containerInfo={
            <div
              style="position: relative; z-index: 1050; display: block;"
              tabindex="-1"
            >
              <div
                class=""
              >
                <div
                  class="modal fade"
                  role="dialog"
                  style="display: block;"
                  tabindex="-1"
                >
                  <div
                    class="modal-dialog"
                    role="document"
                  >
                    <div
                      class="modal-content"
                    >
                      <div
                        data-t1="confirmation"
                      >
                        <div
                          class="modal-header"
                        >
                          <h5
                            class="modal-title"
                          >
                            Czy jesteś pewien?
                          </h5>
                          <button
                            aria-label="Close"
                            class="close"
                            type="button"
                          >
                            <span
                              aria-hidden="true"
                            >
                              ×
                            </span>
                          </button>
                        </div>
                        <div
                          class="modal-body"
                        >
                          Czy na pewno chcesz wykonać tę operację?
                        </div>
                        <div
                          class="modal-footer"
                        >
                          <button
                            class="btn btn-light"
                            data-t1="cancel"
                            type="button"
                          >
                            Nie
                          </button>
                          <button
                            class="btn btn-primary"
                            data-t1="confirm"
                            type="button"
                          >
                            Tak
                          </button>
                        </div>
                      </div>
                    </div>
                  </div>
                </div>
                <div
                  class="modal-backdrop fade"
                />
              </div>
            </div>
          }
        >
          <div
            className=""
          >
            <Fade
              appear={true}
              baseClass="fade"
              baseClassActive="show"
              className="modal"
              enter={true}
              exit={true}
              in={true}
              mountOnEnter={false}
              onClick={[Function]}
              onEnter={[Function]}
              onEntered={[Function]}
              onEntering={[Function]}
              onExit={[Function]}
              onExited={[Function]}
              onExiting={[Function]}
              onKeyDown={[Function]}
              onKeyUp={[Function]}
              onMouseDown={[Function]}
              role="dialog"
              style={
                Object {
                  "display": "block",
                }
              }
              tabIndex="-1"
              tag="div"
              timeout={300}
              unmountOnExit={false}
            >
              <Transition
                appear={true}
                enter={true}
                exit={true}
                in={true}
                mountOnEnter={false}
                onEnter={[Function]}
                onEntered={[Function]}
                onEntering={[Function]}
                onExit={[Function]}
                onExited={[Function]}
                onExiting={[Function]}
                timeout={300}
                unmountOnExit={false}
              >
                <div
                  className="modal fade"
                  onClick={[Function]}
                  onKeyDown={[Function]}
                  onKeyUp={[Function]}
                  onMouseDown={[Function]}
                  role="dialog"
                  style={
                    Object {
                      "display": "block",
                    }
                  }
                  tabIndex="-1"
                >
                  <div
                    className="modal-dialog"
                    role="document"
                  >
                    <div
                      className="modal-content"
                    >
                      <div
                        data-t1="confirmation"
                      >
                        <ModalHeader
                          charCode={215}
                          closeAriaLabel="Close"
                          tag="h5"
                          toggle={[Function]}
                          wrapTag="div"
                        >
                          <div
                            className="modal-header"
                          >
                            <h5
                              className="modal-title"
                            >
                              Czy jesteś pewien?
                            </h5>
                            <button
                              aria-label="Close"
                              className="close"
                              onClick={[Function]}
                              type="button"
                            >
                              <span
                                aria-hidden="true"
                              >
                                ×
                              </span>
                            </button>
                          </div>
                        </ModalHeader>
                        <ModalBody
                          tag="div"
                        >
                          <div
                            className="modal-body"
                          >
                            Czy na pewno chcesz wykonać tę operację?
                          </div>
                        </ModalBody>
                        <ModalFooter
                          tag="div"
                        >
                          <div
                            className="modal-footer"
                          >
                            <Button
                              color="light"
                              data-t1="cancel"
                              onClick={[Function]}
                              tag="button"
                            >
                              <button
                                aria-label={null}
                                className="btn btn-light"
                                data-t1="cancel"
                                onClick={[Function]}
                                type="button"
                              >
                                Nie
                              </button>
                            </Button>
                            <Button
                              color="primary"
                              data-t1="confirm"
                              onClick={[Function]}
                              tag="button"
                            >
                              <button
                                aria-label={null}
                                className="btn btn-primary"
                                data-t1="confirm"
                                onClick={[Function]}
                                type="button"
                              >
                                Tak
                              </button>
                            </Button>
                          </div>
                        </ModalFooter>
                      </div>
                    </div>
                  </div>
                </div>
              </Transition>
            </Fade>
            <Fade
              appear={true}
              baseClass="fade"
              baseClassActive="show"
              className="modal-backdrop"
              enter={true}
              exit={true}
              in={true}
              mountOnEnter={true}
              onEnter={[Function]}
              onEntered={[Function]}
              onEntering={[Function]}
              onExit={[Function]}
              onExited={[Function]}
              onExiting={[Function]}
              tag="div"
              timeout={150}
              unmountOnExit={false}
            >
              <Transition
                appear={true}
                enter={true}
                exit={true}
                in={true}
                mountOnEnter={true}
                onEnter={[Function]}
                onEntered={[Function]}
                onEntering={[Function]}
                onExit={[Function]}
                onExited={[Function]}
                onExiting={[Function]}
                timeout={150}
                unmountOnExit={false}
              >
                <div
                  className="modal-backdrop fade"
                />
              </Transition>
            </Fade>
          </div>
        </Portal>
      </Portal>
    </Modal>
  </Popup>
</UserConfirmationPopup>
`;
