// Jest Snapshot v1, https://goo.gl/fbAQLP

exports[`<SidebarTabsWithMemory /> renders correctly with default state 1`] = `
<div
  className="card"
>
  <div
    className="forms-wizard-vertical"
  >
    <div
      className="sticky-outer-wrapper"
      style={Object {}}
    >
      <div
        className="sticky-inner-wrapper"
        style={
          Object {
            "position": "relative",
            "top": "",
            "transform": "translate3d(0,0px,0)",
            "zIndex": "100",
          }
        }
      >
        <div
          className="card-header"
        >
          <div
            className="btn-actions-pane-right"
          >
            <button
              aria-label={null}
              className="m-2 btn btn-success btn-lg"
              disabled={false}
              onClick={[Function]}
              title={null}
              type="submit"
            >
              Zapisz
            </button>
          </div>
        </div>
      </div>
    </div>
    <div
      style={
        Object {
          "display": "flex",
        }
      }
    >
      <div
        style={
          Object {
            "display": "flex",
            "flexDirection": "column",
            "width": "20%",
          }
        }
      >
        <ol
          className="forms-wizard"
          data-t1="sidebarTabs"
          style={
            Object {
              "width": "100%",
            }
          }
        >
          <a
            data-t1="20"
            href="#20"
          >
            <li
              className="form-wizard-step-todo"
            >
              <em>
                <i
                  className="s-glyph-5 btn-icon-wrapper"
                >
                   
                </i>
              </em>
              <span>
                test
              </span>
              <span
                className="btn-actions-pane-right"
              />
            </li>
          </a>
        </ol>
      </div>
      <div
        className="card-body"
        style={
          Object {
            "display": "flex",
            "flexDirection": "column",
          }
        }
      />
    </div>
    <div />
  </div>
</div>
`;
