// Jest Snapshot v1, https://goo.gl/fbAQLP

exports[`<SimpleTabs /> renders correctly with default state 1`] = `
<div
  className="rc-tabs rc-tabs-top"
  onScroll={[Function]}
  style={Object {}}
>
  <div
    className="my-3 card"
  >
    <div
      className="card-body"
    >
      <div
        className="rc-tabs-bar"
        data-t1="tabs"
        role="tablist"
        tabIndex="0"
      >
        <div>
          <a
            className="rc-tabs-tab-link"
            href="#20"
          >
            <div
              aria-disabled="false"
              aria-selected="true"
              className="rc-tabs-tab"
              data-t1="20"
              role="tab"
            >
              <span
                className={null}
                title={null}
              >
                test
              </span>
            </div>
          </a>
        </div>
      </div>
    </div>
  </div>
  <div
    onKeyDown={[Function]}
    role="presentation"
    style={
      Object {
        "height": 0,
        "overflow": "hidden",
        "position": "absolute",
        "width": 0,
      }
    }
    tabIndex={0}
  />
  <div
    className="rc-tabs-content rc-tabs-content-no-animated"
  >
    <div
      aria-hidden="true"
      className="rc-tabs-tabpane rc-tabs-tabpane-inactive"
      role="tabpanel"
    />
  </div>
  <div
    onKeyDown={[Function]}
    role="presentation"
    style={
      Object {
        "height": 0,
        "overflow": "hidden",
        "position": "absolute",
        "width": 0,
      }
    }
    tabIndex={0}
  />
</div>
`;
