// Jest Snapshot v1, https://goo.gl/fbAQLP

exports[`<Wizard /> renders correctly with props 1`] = `
<div
  className="wizard"
  data-t1="wizard"
  role="presentation"
>
  <ol
    className="forms-wizard"
  >
    <li
      className="form-wizard-step-doing"
      data-t1="step1"
      onClick={[Function]}
      role="presentation"
      value={0}
    >
      <em>
        1
      </em>
      <span>
        Component 1
      </span>
    </li>
    <li
      className="form-wizard-step-todo"
      data-t1="step2"
      onClick={[Function]}
      role="presentation"
      value={1}
    >
      <em>
        2
      </em>
      <span>
        Component 2
      </span>
    </li>
    <li
      className="form-wizard-step-todo"
      data-t1="step3"
      onClick={[Function]}
      role="presentation"
      value={2}
    >
      <em>
        3
      </em>
      <span>
        Component 3
      </span>
    </li>
    <li
      className="form-wizard-step-todo"
      data-t1="step4"
      onClick={[Function]}
      role="presentation"
      value={3}
    >
      <em>
        4
      </em>
      <span>
        Component 4
      </span>
    </li>
  </ol>
  <h5
    className="m-3"
  >
    <strong>
      Component 1
    </strong>
  </h5>
  <div
    next={[Function]}
  >
    Component 1 Content
  </div>
  <div
    className="divider"
  />
  <div
    className="clearfix"
  >
    <div
      style={
        Object {
          "display": "none",
        }
      }
    >
      <button
        aria-label={null}
        className="btn-shadow float-left btn-wide btn-pill btn btn-outline-secondary"
        data-t1="previousStep"
        onClick={[Function]}
        style={
          Object {
            "display": "none",
          }
        }
        type="button"
      >
        Wróć
      </button>
      <button
        aria-label={null}
        className="btn-shadow btn-wide float-right btn-pill btn-hover-shine btn btn-primary"
        data-t1="nextStep"
        onClick={[Function]}
        style={Object {}}
        type="button"
      >
        Dalej
      </button>
    </div>
  </div>
</div>
`;
